TAP version 13
ok 1 - Eloquent\Fixie\Handle\Exception\ClosedHandleExceptionTest::testException
ok 2 - Eloquent\Fixie\Handle\Exception\ClosedHandleExceptionTest::testExceptionDefaults
ok 3 - Eloquent\Fixie\Handle\Exception\EmptyHandleExceptionTest::testException
ok 4 - Eloquent\Fixie\Handle\Exception\ReadExceptionTest::testException
ok 5 - Eloquent\Fixie\Handle\Exception\ReadExceptionTest::testExceptionDefaults
ok 6 - Eloquent\Fixie\Handle\Exception\WriteExceptionTest::testException
ok 7 - Eloquent\Fixie\Handle\Exception\WriteExceptionTest::testExceptionDefaults
ok 8 - Eloquent\Fixie\Reader\FixtureReaderTest::testConstructor
ok 9 - Eloquent\Fixie\Reader\FixtureReaderTest::testConstructorDefaults
ok 10 - Eloquent\Fixie\Reader\FixtureReaderTest::testOpenFile
ok 11 - Eloquent\Fixie\Reader\FixtureReaderTest::testOpenStream
ok 12 - Eloquent\Fixie\Reader\ReadHandleTest::testConstructor
ok 13 - Eloquent\Fixie\Reader\ReadHandleTest::testConstructorDefaults
ok 14 - Eloquent\Fixie\Reader\ReadHandleTest::testConstructorFailureEmpty
ok 15 - Eloquent\Fixie\Reader\ReadHandleTest::testStreamFailureClosed
ok 16 - Eloquent\Fixie\Reader\ReadHandleTest::testLazyStreamLoading
ok 17 - Eloquent\Fixie\Reader\ReadHandleTest::testLazyStreamLoadingFailure
ok 18 - Eloquent\Fixie\Reader\ReadHandleTest::testClose
ok 19 - Eloquent\Fixie\Reader\ReadHandleTest::testCloseNeverOpened
ok 20 - Eloquent\Fixie\Reader\ReadHandleTest::testCloseFailureAlreadyClosed
ok 21 - Eloquent\Fixie\Reader\ReadHandleTest::testCloseFailureFcloseError
ok 22 - Eloquent\Fixie\Reader\ReadHandleTest::testHandle with data set "Empty data" (array(), '')
ok 23 - Eloquent\Fixie\Reader\ReadHandleTest::testHandle with data set "Empty data except comments" (array(), '# comment
# comment')
ok 24 - Eloquent\Fixie\Reader\ReadHandleTest::testHandle with data set "Compact, empty, empty column names" (array(), 'columns: []
data: [
]')
ok 25 - Eloquent\Fixie\Reader\ReadHandleTest::testHandle with data set "Compact, empty, with column names" (array(), 'columns: [bar, baz]
data: [
]')
ok 26 - Eloquent\Fixie\Reader\ReadHandleTest::testHandle with data set "Compact, empty, without column names" (array(), 'data: [
]')
ok 27 - Eloquent\Fixie\Reader\ReadHandleTest::testHandle with data set "Compact with column names" (array(array('qux', 'doom'), array('splat', 'ping')), 'columns: [bar, baz]
data: [
[qux, doom],
[splat, ping],
]')
ok 28 - Eloquent\Fixie\Reader\ReadHandleTest::testHandle with data set "Compact with column names, single row" (array(array('qux', 'doom')), 'columns: [bar, baz]
data: [
[qux, doom],
]')
ok 29 - Eloquent\Fixie\Reader\ReadHandleTest::testHandle with data set "Compact without column names" (array(array('qux', 'doom'), array('splat', 'ping')), 'data: [
[qux, doom],
[splat, ping],
]')
ok 30 - Eloquent\Fixie\Reader\ReadHandleTest::testHandle with data set "Interleaved whitespace" (array(array('qux', 'doom'), array('splat', 'ping')), '
columns: [bar, baz]

data: [

[qux, doom],

[splat, ping],

]')
ok 31 - Eloquent\Fixie\Reader\ReadHandleTest::testHandle with data set "Interleaved comments" (array(array('qux', 'doom'), array('splat', 'ping')), '# comment
columns: [bar, baz]
# comment
data: [
# comment
[qux, doom],
# comment
[splat, ping],
# comment
]
# comment')
ok 32 - Eloquent\Fixie\Reader\ReadHandleTest::testHandle with data set "Aligned data and columns" (array(array('qux', 'doom'), array('splat', 'ping')), '
columns: [  bar,   baz   ]
data: [
         [  qux,   doom  ],
         [  splat, ping  ],
]')
ok 33 - Eloquent\Fixie\Reader\ReadHandleTest::testHandle with data set "Column names on subsequent line" (array(array('qux', 'doom'), array('splat', 'ping')), '
columns:
 [bar,   baz ]
data: [
 [qux,   doom],
 [splat, ping],
]')
ok 34 - Eloquent\Fixie\Reader\ReadHandleTest::testHandle with data set "Expanded" (array(array('qux', 'doom'), array('splat', 'ping')), '- bar: qux
  baz: doom

- bar: splat
  baz: ping')
ok 35 - Eloquent\Fixie\Reader\ReadHandleTest::testHandle with data set "Expanded single row" (array(array('qux', 'doom')), '- bar: qux
  baz: doom')
ok 36 - Eloquent\Fixie\Reader\ReadHandleTest::testHandle with data set "Expanded interleaved whitespace" (array(array('qux', 'doom'), array('splat', 'ping')), '
- bar: qux

  baz: doom

- bar: splat

  baz: ping')
ok 37 - Eloquent\Fixie\Reader\ReadHandleTest::testHandle with data set "Expanded without column names" (array(array('qux', 'doom'), array('splat', 'ping')), '-
  - qux
  - doom

-
  - splat
  - ping')
ok 38 - Eloquent\Fixie\Reader\ReadHandleTest::testHandleTrailingNewline with data set "Empty data" (array(), '')
ok 39 - Eloquent\Fixie\Reader\ReadHandleTest::testHandleTrailingNewline with data set "Empty data except comments" (array(), '# comment
# comment')
ok 40 - Eloquent\Fixie\Reader\ReadHandleTest::testHandleTrailingNewline with data set "Compact, empty, empty column names" (array(), 'columns: []
data: [
]')
ok 41 - Eloquent\Fixie\Reader\ReadHandleTest::testHandleTrailingNewline with data set "Compact, empty, with column names" (array(), 'columns: [bar, baz]
data: [
]')
ok 42 - Eloquent\Fixie\Reader\ReadHandleTest::testHandleTrailingNewline with data set "Compact, empty, without column names" (array(), 'data: [
]')
ok 43 - Eloquent\Fixie\Reader\ReadHandleTest::testHandleTrailingNewline with data set "Compact with column names" (array(array('qux', 'doom'), array('splat', 'ping')), 'columns: [bar, baz]
data: [
[qux, doom],
[splat, ping],
]')
ok 44 - Eloquent\Fixie\Reader\ReadHandleTest::testHandleTrailingNewline with data set "Compact with column names, single row" (array(array('qux', 'doom')), 'columns: [bar, baz]
data: [
[qux, doom],
]')
ok 45 - Eloquent\Fixie\Reader\ReadHandleTest::testHandleTrailingNewline with data set "Compact without column names" (array(array('qux', 'doom'), array('splat', 'ping')), 'data: [
[qux, doom],
[splat, ping],
]')
ok 46 - Eloquent\Fixie\Reader\ReadHandleTest::testHandleTrailingNewline with data set "Interleaved whitespace" (array(array('qux', 'doom'), array('splat', 'ping')), '
columns: [bar, baz]

data: [

[qux, doom],

[splat, ping],

]')
ok 47 - Eloquent\Fixie\Reader\ReadHandleTest::testHandleTrailingNewline with data set "Interleaved comments" (array(array('qux', 'doom'), array('splat', 'ping')), '# comment
columns: [bar, baz]
# comment
data: [
# comment
[qux, doom],
# comment
[splat, ping],
# comment
]
# comment')
ok 48 - Eloquent\Fixie\Reader\ReadHandleTest::testHandleTrailingNewline with data set "Aligned data and columns" (array(array('qux', 'doom'), array('splat', 'ping')), '
columns: [  bar,   baz   ]
data: [
         [  qux,   doom  ],
         [  splat, ping  ],
]')
ok 49 - Eloquent\Fixie\Reader\ReadHandleTest::testHandleTrailingNewline with data set "Column names on subsequent line" (array(array('qux', 'doom'), array('splat', 'ping')), '
columns:
 [bar,   baz ]
data: [
 [qux,   doom],
 [splat, ping],
]')
ok 50 - Eloquent\Fixie\Reader\ReadHandleTest::testHandleTrailingNewline with data set "Expanded" (array(array('qux', 'doom'), array('splat', 'ping')), '- bar: qux
  baz: doom

- bar: splat
  baz: ping')
ok 51 - Eloquent\Fixie\Reader\ReadHandleTest::testHandleTrailingNewline with data set "Expanded single row" (array(array('qux', 'doom')), '- bar: qux
  baz: doom')
ok 52 - Eloquent\Fixie\Reader\ReadHandleTest::testHandleTrailingNewline with data set "Expanded interleaved whitespace" (array(array('qux', 'doom'), array('splat', 'ping')), '
- bar: qux

  baz: doom

- bar: splat

  baz: ping')
ok 53 - Eloquent\Fixie\Reader\ReadHandleTest::testHandleTrailingNewline with data set "Expanded without column names" (array(array('qux', 'doom'), array('splat', 'ping')), '-
  - qux
  - doom

-
  - splat
  - ping')
ok 54 - Eloquent\Fixie\Reader\ReadHandleTest::testReadMethods with data set "Empty data" (array(), '')
ok 55 - Eloquent\Fixie\Reader\ReadHandleTest::testReadMethods with data set "Empty data except comments" (array(), '# comment
# comment')
ok 56 - Eloquent\Fixie\Reader\ReadHandleTest::testReadMethods with data set "Compact, empty, empty column names" (array(), 'columns: []
data: [
]')
ok 57 - Eloquent\Fixie\Reader\ReadHandleTest::testReadMethods with data set "Compact, empty, with column names" (array(), 'columns: [bar, baz]
data: [
]')
ok 58 - Eloquent\Fixie\Reader\ReadHandleTest::testReadMethods with data set "Compact, empty, without column names" (array(), 'data: [
]')
ok 59 - Eloquent\Fixie\Reader\ReadHandleTest::testReadMethods with data set "Compact with column names" (array(array('qux', 'doom'), array('splat', 'ping')), 'columns: [bar, baz]
data: [
[qux, doom],
[splat, ping],
]')
ok 60 - Eloquent\Fixie\Reader\ReadHandleTest::testReadMethods with data set "Compact with column names, single row" (array(array('qux', 'doom')), 'columns: [bar, baz]
data: [
[qux, doom],
]')
ok 61 - Eloquent\Fixie\Reader\ReadHandleTest::testReadMethods with data set "Compact without column names" (array(array('qux', 'doom'), array('splat', 'ping')), 'data: [
[qux, doom],
[splat, ping],
]')
ok 62 - Eloquent\Fixie\Reader\ReadHandleTest::testReadMethods with data set "Interleaved whitespace" (array(array('qux', 'doom'), array('splat', 'ping')), '
columns: [bar, baz]

data: [

[qux, doom],

[splat, ping],

]')
ok 63 - Eloquent\Fixie\Reader\ReadHandleTest::testReadMethods with data set "Interleaved comments" (array(array('qux', 'doom'), array('splat', 'ping')), '# comment
columns: [bar, baz]
# comment
data: [
# comment
[qux, doom],
# comment
[splat, ping],
# comment
]
# comment')
ok 64 - Eloquent\Fixie\Reader\ReadHandleTest::testReadMethods with data set "Aligned data and columns" (array(array('qux', 'doom'), array('splat', 'ping')), '
columns: [  bar,   baz   ]
data: [
         [  qux,   doom  ],
         [  splat, ping  ],
]')
ok 65 - Eloquent\Fixie\Reader\ReadHandleTest::testReadMethods with data set "Column names on subsequent line" (array(array('qux', 'doom'), array('splat', 'ping')), '
columns:
 [bar,   baz ]
data: [
 [qux,   doom],
 [splat, ping],
]')
ok 66 - Eloquent\Fixie\Reader\ReadHandleTest::testReadMethods with data set "Expanded" (array(array('qux', 'doom'), array('splat', 'ping')), '- bar: qux
  baz: doom

- bar: splat
  baz: ping')
ok 67 - Eloquent\Fixie\Reader\ReadHandleTest::testReadMethods with data set "Expanded single row" (array(array('qux', 'doom')), '- bar: qux
  baz: doom')
ok 68 - Eloquent\Fixie\Reader\ReadHandleTest::testReadMethods with data set "Expanded interleaved whitespace" (array(array('qux', 'doom'), array('splat', 'ping')), '
- bar: qux

  baz: doom

- bar: splat

  baz: ping')
ok 69 - Eloquent\Fixie\Reader\ReadHandleTest::testReadMethods with data set "Expanded without column names" (array(array('qux', 'doom'), array('splat', 'ping')), '-
  - qux
  - doom

-
  - splat
  - ping')
ok 70 - Eloquent\Fixie\Reader\ReadHandleTest::testRewindOffsetCompactWithColumns
ok 71 - Eloquent\Fixie\Reader\ReadHandleTest::testRewindOffsetCompactWithoutColumns
ok 72 - Eloquent\Fixie\Reader\ReadHandleTest::testRewindOffsetExpanded
ok 73 - Eloquent\Fixie\Reader\ReadHandleTest::testHandleFailure with data set "Invalid yaml data" ('data: [
	[],
]')
ok 74 - Eloquent\Fixie\Reader\ReadHandleTest::testHandleFailure with data set "Invalid fixie data" ('~')
ok 75 - Eloquent\Fixie\Reader\ReadHandleTest::testHandleFailure with data set "Compact with columns but no data" ('columns: []')
ok 76 - Eloquent\Fixie\Reader\ReadHandleTest::testHandleFailure with data set "Compact with no columns and unclosed empty data" ('data: [')
ok 77 - Eloquent\Fixie\Reader\ReadHandleTest::testHandleFailure with data set "Compact with columns and unclosed partial data" ('columns: [bar, baz]
data: [
[qux, doom],')
ok 78 - Eloquent\Fixie\Reader\ReadHandleTest::testHandleFailure with data set "Compact with columns and row key mismatch" ('columns: [bar, baz]
data: [
[qux, doom, splat],
]')
ok 79 - Eloquent\Fixie\Reader\ReadHandleTest::testHandleFailure with data set "Compact without columns and row key mismatch" ('data: [
[qux, doom],
[splat, ping, pong],
]')
ok 80 - Eloquent\Fixie\Reader\ReadHandleTest::testHandleFailure with data set "Compact with wrong data type for columns" ('columns: ~
data: [
]')
ok 81 - Eloquent\Fixie\Reader\ReadHandleTest::testHandleFailure with data set "Compact wrong row data type" ('data: [
~,
]')
ok 82 - Eloquent\Fixie\Reader\ReadHandleTest::testHandleFailure with data set "Expanded wrong row data type" ('- ~')
ok 83 - Eloquent\Fixie\Reader\ReadHandleTest::testHandleFailure with data set "Expanded row key mismatch" ('- bar: qux
  baz: doom
- bar: splat
  baz: ping
  pong: pang')
ok 84 - Eloquent\Fixie\Reader\ReadHandleTest::testHandleFailureTrailingNewline with data set "Invalid yaml data" ('data: [
	[],
]')
ok 85 - Eloquent\Fixie\Reader\ReadHandleTest::testHandleFailureTrailingNewline with data set "Invalid fixie data" ('~')
ok 86 - Eloquent\Fixie\Reader\ReadHandleTest::testHandleFailureTrailingNewline with data set "Compact with columns but no data" ('columns: []')
ok 87 - Eloquent\Fixie\Reader\ReadHandleTest::testHandleFailureTrailingNewline with data set "Compact with no columns and unclosed empty data" ('data: [')
ok 88 - Eloquent\Fixie\Reader\ReadHandleTest::testHandleFailureTrailingNewline with data set "Compact with columns and unclosed partial data" ('columns: [bar, baz]
data: [
[qux, doom],')
ok 89 - Eloquent\Fixie\Reader\ReadHandleTest::testHandleFailureTrailingNewline with data set "Compact with columns and row key mismatch" ('columns: [bar, baz]
data: [
[qux, doom, splat],
]')
ok 90 - Eloquent\Fixie\Reader\ReadHandleTest::testHandleFailureTrailingNewline with data set "Compact without columns and row key mismatch" ('data: [
[qux, doom],
[splat, ping, pong],
]')
ok 91 - Eloquent\Fixie\Reader\ReadHandleTest::testHandleFailureTrailingNewline with data set "Compact with wrong data type for columns" ('columns: ~
data: [
]')
ok 92 - Eloquent\Fixie\Reader\ReadHandleTest::testHandleFailureTrailingNewline with data set "Compact wrong row data type" ('data: [
~,
]')
ok 93 - Eloquent\Fixie\Reader\ReadHandleTest::testHandleFailureTrailingNewline with data set "Expanded wrong row data type" ('- ~')
ok 94 - Eloquent\Fixie\Reader\ReadHandleTest::testHandleFailureTrailingNewline with data set "Expanded row key mismatch" ('- bar: qux
  baz: doom
- bar: splat
  baz: ping
  pong: pang')
ok 95 - Eloquent\Fixie\Reader\ReadHandleTest::testFseekFailure
ok 96 - Eloquent\Fixie\Reader\ReadHandleTest::testFgetsFailure
ok 97 - Eloquent\Fixie\Reader\ReadHandleTest::testFtellFailure
ok 98 - Eloquent\Fixie\Writer\AlignedCompactFixtureWriteHandleTest::testConstructor
ok 99 - Eloquent\Fixie\Writer\AlignedCompactFixtureWriteHandleTest::testConstructorDefaults
ok 100 - Eloquent\Fixie\Writer\AlignedCompactFixtureWriteHandleTest::testConstructorFailureEmpty
ok 101 - Eloquent\Fixie\Writer\AlignedCompactFixtureWriteHandleTest::testStreamFailureClosed
ok 102 - Eloquent\Fixie\Writer\AlignedCompactFixtureWriteHandleTest::testLazyStreamLoading
ok 103 - Eloquent\Fixie\Writer\AlignedCompactFixtureWriteHandleTest::testLazyStreamLoadingFailure
ok 104 - Eloquent\Fixie\Writer\AlignedCompactFixtureWriteHandleTest::testClose
ok 105 - Eloquent\Fixie\Writer\AlignedCompactFixtureWriteHandleTest::testCloseNeverOpened
ok 106 - Eloquent\Fixie\Writer\AlignedCompactFixtureWriteHandleTest::testCloseFailureAlreadyClosed
ok 107 - Eloquent\Fixie\Writer\AlignedCompactFixtureWriteHandleTest::testCloseFailureFcloseError
ok 108 - Eloquent\Fixie\Writer\AlignedCompactFixtureWriteHandleTest::testWriter with data set "Empty data" ('', array())
ok 109 - Eloquent\Fixie\Writer\AlignedCompactFixtureWriteHandleTest::testWriter with data set "With column names" ('columns:
 [bar,   baz ]
data: [
 [qux,   doom],
 [splat, ping],
]
', array(array('qux', 'doom'), array('splat', 'ping')))
ok 110 - Eloquent\Fixie\Writer\AlignedCompactFixtureWriteHandleTest::testWriter with data set "Without column names" ('data: [
[qux,   doom],
[splat, ping],
]
', array(array('qux', 'doom'), array('splat', 'ping')))
ok 111 - Eloquent\Fixie\Writer\AlignedCompactFixtureWriteHandleTest::testWriter with data set "With longer column name" ('columns:
 [bar,   bazbaz]
data: [
 [qux,   doom  ],
 [splat, ping  ],
]
', array(array('qux', 'doom'), array('splat', 'ping')))
ok 112 - Eloquent\Fixie\Writer\AlignedCompactFixtureWriteHandleTest::testWriterWriteAll with data set "Empty data" ('', array())
ok 113 - Eloquent\Fixie\Writer\AlignedCompactFixtureWriteHandleTest::testWriterWriteAll with data set "With column names" ('columns:
 [bar,   baz ]
data: [
 [qux,   doom],
 [splat, ping],
]
', array(array('qux', 'doom'), array('splat', 'ping')))
ok 114 - Eloquent\Fixie\Writer\AlignedCompactFixtureWriteHandleTest::testWriterWriteAll with data set "Without column names" ('data: [
[qux,   doom],
[splat, ping],
]
', array(array('qux', 'doom'), array('splat', 'ping')))
ok 115 - Eloquent\Fixie\Writer\AlignedCompactFixtureWriteHandleTest::testWriterWriteAll with data set "With longer column name" ('columns:
 [bar,   bazbaz]
data: [
 [qux,   doom  ],
 [splat, ping  ],
]
', array(array('qux', 'doom'), array('splat', 'ping')))
ok 116 - Eloquent\Fixie\Writer\AlignedCompactFixtureWriteHandleTest::testWriteFailureColumnNameMismatch
ok 117 - Eloquent\Fixie\Writer\AlignedCompactFixtureWriteHandleTest::testWriteDataFailure
ok 118 - Eloquent\Fixie\Writer\AlignedExpandedFixtureWriteHandleTest::testConstructor
ok 119 - Eloquent\Fixie\Writer\AlignedExpandedFixtureWriteHandleTest::testConstructorDefaults
ok 120 - Eloquent\Fixie\Writer\AlignedExpandedFixtureWriteHandleTest::testConstructorFailureEmpty
ok 121 - Eloquent\Fixie\Writer\AlignedExpandedFixtureWriteHandleTest::testStreamFailureClosed
ok 122 - Eloquent\Fixie\Writer\AlignedExpandedFixtureWriteHandleTest::testLazyStreamLoading
ok 123 - Eloquent\Fixie\Writer\AlignedExpandedFixtureWriteHandleTest::testLazyStreamLoadingFailure
ok 124 - Eloquent\Fixie\Writer\AlignedExpandedFixtureWriteHandleTest::testClose
ok 125 - Eloquent\Fixie\Writer\AlignedExpandedFixtureWriteHandleTest::testCloseNeverOpened
ok 126 - Eloquent\Fixie\Writer\AlignedExpandedFixtureWriteHandleTest::testCloseFailureAlreadyClosed
ok 127 - Eloquent\Fixie\Writer\AlignedExpandedFixtureWriteHandleTest::testCloseFailureFcloseError
ok 128 - Eloquent\Fixie\Writer\AlignedExpandedFixtureWriteHandleTest::testWriter with data set "Empty data" ('', array())
ok 129 - Eloquent\Fixie\Writer\AlignedExpandedFixtureWriteHandleTest::testWriter with data set "With column names" ('- bar: qux
  baz: doom

- bar: splat
  baz: ping
', array(array('qux', 'doom'), array('splat', 'ping')))
ok 130 - Eloquent\Fixie\Writer\AlignedExpandedFixtureWriteHandleTest::testWriter with data set "Without column names" ('-
  - qux
  - doom

-
  - splat
  - ping
', array(array('qux', 'doom'), array('splat', 'ping')))
ok 131 - Eloquent\Fixie\Writer\AlignedExpandedFixtureWriteHandleTest::testWriter with data set "With longer column name" ('- bar:    qux
  bazbaz: doom

- bar:    splat
  bazbaz: ping
', array(array('qux', 'doom'), array('splat', 'ping')))
ok 132 - Eloquent\Fixie\Writer\AlignedExpandedFixtureWriteHandleTest::testWriteFailureColumnNameMismatch
ok 133 - Eloquent\Fixie\Writer\AlignedExpandedFixtureWriteHandleTest::testWriteDataFailure
ok 134 - Eloquent\Fixie\Writer\CompactFixtureWriteHandleTest::testConstructor
ok 135 - Eloquent\Fixie\Writer\CompactFixtureWriteHandleTest::testConstructorDefaults
ok 136 - Eloquent\Fixie\Writer\CompactFixtureWriteHandleTest::testConstructorFailureEmpty
ok 137 - Eloquent\Fixie\Writer\CompactFixtureWriteHandleTest::testStreamFailureClosed
ok 138 - Eloquent\Fixie\Writer\CompactFixtureWriteHandleTest::testLazyStreamLoading
ok 139 - Eloquent\Fixie\Writer\CompactFixtureWriteHandleTest::testLazyStreamLoadingFailure
ok 140 - Eloquent\Fixie\Writer\CompactFixtureWriteHandleTest::testClose
ok 141 - Eloquent\Fixie\Writer\CompactFixtureWriteHandleTest::testCloseNeverOpened
ok 142 - Eloquent\Fixie\Writer\CompactFixtureWriteHandleTest::testCloseFailureAlreadyClosed
ok 143 - Eloquent\Fixie\Writer\CompactFixtureWriteHandleTest::testCloseFailureFcloseError
ok 144 - Eloquent\Fixie\Writer\CompactFixtureWriteHandleTest::testWriter with data set "Empty data" ('', array())
ok 145 - Eloquent\Fixie\Writer\CompactFixtureWriteHandleTest::testWriter with data set "With column names" ('columns: [bar, baz]
data: [
[qux, doom],
[splat, ping],
]
', array(array('qux', 'doom'), array('splat', 'ping')))
ok 146 - Eloquent\Fixie\Writer\CompactFixtureWriteHandleTest::testWriter with data set "Without column names" ('data: [
[qux, doom],
[splat, ping],
]
', array(array('qux', 'doom'), array('splat', 'ping')))
ok 147 - Eloquent\Fixie\Writer\CompactFixtureWriteHandleTest::testWriteFailureColumnNameMismatch
ok 148 - Eloquent\Fixie\Writer\CompactFixtureWriteHandleTest::testWriteDataFailure
ok 149 - Eloquent\Fixie\Writer\ExpandedFixtureWriteHandleTest::testConstructor
ok 150 - Eloquent\Fixie\Writer\ExpandedFixtureWriteHandleTest::testConstructorDefaults
ok 151 - Eloquent\Fixie\Writer\ExpandedFixtureWriteHandleTest::testConstructorFailureEmpty
ok 152 - Eloquent\Fixie\Writer\ExpandedFixtureWriteHandleTest::testStreamFailureClosed
ok 153 - Eloquent\Fixie\Writer\ExpandedFixtureWriteHandleTest::testLazyStreamLoading
ok 154 - Eloquent\Fixie\Writer\ExpandedFixtureWriteHandleTest::testLazyStreamLoadingFailure
ok 155 - Eloquent\Fixie\Writer\ExpandedFixtureWriteHandleTest::testClose
ok 156 - Eloquent\Fixie\Writer\ExpandedFixtureWriteHandleTest::testCloseNeverOpened
ok 157 - Eloquent\Fixie\Writer\ExpandedFixtureWriteHandleTest::testCloseFailureAlreadyClosed
ok 158 - Eloquent\Fixie\Writer\ExpandedFixtureWriteHandleTest::testCloseFailureFcloseError
ok 159 - Eloquent\Fixie\Writer\ExpandedFixtureWriteHandleTest::testWriter with data set "Empty data" ('', array())
ok 160 - Eloquent\Fixie\Writer\ExpandedFixtureWriteHandleTest::testWriter with data set "With column names" ('- bar: qux
  baz: doom

- bar: splat
  baz: ping
', array(array('qux', 'doom'), array('splat', 'ping')))
ok 161 - Eloquent\Fixie\Writer\ExpandedFixtureWriteHandleTest::testWriter with data set "Without column names" ('-
  - qux
  - doom

-
  - splat
  - ping
', array(array('qux', 'doom'), array('splat', 'ping')))
ok 162 - Eloquent\Fixie\Writer\ExpandedFixtureWriteHandleTest::testWriter with data set "With longer column name" ('- bar: qux
  bazbaz: doom

- bar: splat
  bazbaz: ping
', array(array('qux', 'doom'), array('splat', 'ping')))
ok 163 - Eloquent\Fixie\Writer\ExpandedFixtureWriteHandleTest::testWriteFailureColumnNameMismatch
ok 164 - Eloquent\Fixie\Writer\ExpandedFixtureWriteHandleTest::testWriteDataFailure
ok 165 - Eloquent\Fixie\Writer\FixtureWriterTest::testConstructor
ok 166 - Eloquent\Fixie\Writer\FixtureWriterTest::testConstructorDefaults
ok 167 - Eloquent\Fixie\Writer\FixtureWriterTest::testOpenFile
ok 168 - Eloquent\Fixie\Writer\FixtureWriterTest::testOpenFileCustomHandleClass
ok 169 - Eloquent\Fixie\Writer\FixtureWriterTest::testOpenStream
ok 170 - Eloquent\Fixie\Writer\FixtureWriterTest::testOpenStreamCustomHandleClass
ok 171 - Eloquent\Fixie\Writer\SwitchingCompactFixtureWriteHandleTest::testConstructor
ok 172 - Eloquent\Fixie\Writer\SwitchingCompactFixtureWriteHandleTest::testConstructorDefaults
ok 173 - Eloquent\Fixie\Writer\SwitchingCompactFixtureWriteHandleTest::testConstructorFailureEmpty
ok 174 - Eloquent\Fixie\Writer\SwitchingCompactFixtureWriteHandleTest::testSetBufferSize
ok 175 - Eloquent\Fixie\Writer\SwitchingCompactFixtureWriteHandleTest::testStreamFailureClosed
ok 176 - Eloquent\Fixie\Writer\SwitchingCompactFixtureWriteHandleTest::testLazyStreamLoading
ok 177 - Eloquent\Fixie\Writer\SwitchingCompactFixtureWriteHandleTest::testLazyStreamLoadingFailure
ok 178 - Eloquent\Fixie\Writer\SwitchingCompactFixtureWriteHandleTest::testClose
ok 179 - Eloquent\Fixie\Writer\SwitchingCompactFixtureWriteHandleTest::testCloseNeverOpened
ok 180 - Eloquent\Fixie\Writer\SwitchingCompactFixtureWriteHandleTest::testCloseFailureAlreadyClosed
ok 181 - Eloquent\Fixie\Writer\SwitchingCompactFixtureWriteHandleTest::testCloseFailureFcloseError
ok 182 - Eloquent\Fixie\Writer\SwitchingCompactFixtureWriteHandleTest::testWriter with data set "Empty data" ('', array())
ok 183 - Eloquent\Fixie\Writer\SwitchingCompactFixtureWriteHandleTest::testWriter with data set "With column names" ('columns:
 [bar,   baz ]
data: [
 [qux,   doom],
 [splat, ping],
]
', array(array('qux', 'doom'), array('splat', 'ping')))
ok 184 - Eloquent\Fixie\Writer\SwitchingCompactFixtureWriteHandleTest::testWriter with data set "Without column names" ('data: [
[qux,   doom],
[splat, ping],
]
', array(array('qux', 'doom'), array('splat', 'ping')))
ok 185 - Eloquent\Fixie\Writer\SwitchingCompactFixtureWriteHandleTest::testWriter with data set "With longer column name" ('columns:
 [bar,   bazbaz]
data: [
 [qux,   doom  ],
 [splat, ping  ],
]
', array(array('qux', 'doom'), array('splat', 'ping')))
ok 186 - Eloquent\Fixie\Writer\SwitchingCompactFixtureWriteHandleTest::testWriter with data set "Exceeding buffer size" ('columns: [bar, baz]
data: [
[qux, doom],
[splat, ping],
]
', array(array('qux', 'doom'), array('splat', 'ping')), 1)
ok 187 - Eloquent\Fixie\Writer\SwitchingCompactFixtureWriteHandleTest::testWriterWriteAll with data set "Empty data" ('', array())
ok 188 - Eloquent\Fixie\Writer\SwitchingCompactFixtureWriteHandleTest::testWriterWriteAll with data set "With column names" ('columns:
 [bar,   baz ]
data: [
 [qux,   doom],
 [splat, ping],
]
', array(array('qux', 'doom'), array('splat', 'ping')))
ok 189 - Eloquent\Fixie\Writer\SwitchingCompactFixtureWriteHandleTest::testWriterWriteAll with data set "Without column names" ('data: [
[qux,   doom],
[splat, ping],
]
', array(array('qux', 'doom'), array('splat', 'ping')))
ok 190 - Eloquent\Fixie\Writer\SwitchingCompactFixtureWriteHandleTest::testWriterWriteAll with data set "With longer column name" ('columns:
 [bar,   bazbaz]
data: [
 [qux,   doom  ],
 [splat, ping  ],
]
', array(array('qux', 'doom'), array('splat', 'ping')))
ok 191 - Eloquent\Fixie\Writer\SwitchingCompactFixtureWriteHandleTest::testWriterWriteAll with data set "Exceeding buffer size" ('columns: [bar, baz]
data: [
[qux, doom],
[splat, ping],
]
', array(array('qux', 'doom'), array('splat', 'ping')), 1)
ok 192 - Eloquent\Fixie\Writer\SwitchingCompactFixtureWriteHandleTest::testWriteFailureColumnNameMismatch
ok 193 - Eloquent\Fixie\Writer\SwitchingCompactFixtureWriteHandleTest::testWriteDataFailure
ok 194 - FunctionalTest::testOutputStyleExamplesCompact
ok 195 - FunctionalTest::testOutputStyleExamplesExpanded
1..195
